// Jest Snapshot v1, https://goo.gl/fbAQLP

exports[`matches snapshot 1`] = `
<form
  onSubmit={[Function]}
>
  <div>
    <input
      autoCapitalize="off"
      data-testid="inputid"
      name="name"
      onBlur={[Function]}
      onChange={[Function]}
      placeholder="name"
      required={true}
      type="text"
    />
  </div>
  <div>
    <div
      className="react-datepicker-wrapper"
    >
      <div
        className="react-datepicker__input-container"
      >
        <input
          autoComplete="off"
          className=""
          disabled={false}
          name="dob"
          onBlur={[Function]}
          onChange={[Function]}
          onClick={[Function]}
          onFocus={[Function]}
          onKeyDown={[Function]}
          readOnly={false}
          required={true}
          type="text"
          value="02/13/2020"
        />
      </div>
    </div>
  </div>
  <input
    className="Submit"
    type="submit"
  />
</form>
`;
